2026-09-26 12:30:05 INFO [tune_pass_c_US] start (rss 632 MB)
2026-09-26 12:30:20 INFO [US] S1 1323633, queries 40000 (val 20000), rss 2481 MB
2026-09-26 12:30:30 INFO [US] pass A: recall 0.7897, 5.78 cands/q, 1.12s; gate: 59.2% of queries in 0.21s
2026-09-26 12:40:36 INFO [US] {'config': 'base full ng34', 'country': 'US', 'kind': 'full', 'ngram': [3, 4], 'max_df': None, 'gated': False, 'pct_gated': 20.0, 'c_fit_s': 88.6, 'c_query_s': 2574.85, 'c_qps_local': 15.5, 'vocab': 189717, 's1_nnz': 123804039, 'base_sample': 8000, 'recall_C': 0.9857, 'recall_union': 0.989, 'cands_per_query': 15.02, 'rss_mb': 3228}
2026-09-26 12:51:11 INFO [US] {'config': 'L1 name ng34', 'country': 'US', 'kind': 'name', 'ngram': [3, 4], 'max_df': None, 'gated': False, 'pct_gated': 100.0, 'c_fit_s': 46.1, 'c_query_s': 587.98, 'c_qps_local': 68.0, 'vocab': 164581, 's1_nnz': 53969508, 'base_sample': 0, 'recall_C': 0.7619, 'recall_union': 0.9514, 'cands_per_query': 15.25, 'rss_mb': 2118}
2026-09-26 12:51:16 INFO [US] {'config': 'L1+L2 name ng34 max_df=0.2%', 'country': 'US', 'kind': 'name', 'ngram': [3, 4], 'max_df': 0.002, 'gated': False, 'pct_gated': 100.0, 'c_fit_s': 46.2, 'c_query_s': 4.83, 'c_qps_local': 8278.6, 'vocab': 160787, 's1_nnz': 15615050, 'base_sample': 0, 'recall_C': 0.7089, 'recall_union': 0.9405, 'cands_per_query': 15.09, 'rss_mb': 1818}
2026-09-26 12:51:18 INFO [US] {'config': 'L1+L2+L3 name ng34 max_df=0.2%', 'country': 'US', 'kind': 'name', 'ngram': [3, 4], 'max_df': 0.002, 'gated': True, 'pct_gated': 59.2, 'c_fit_s': 46.2, 'c_query_s': 2.82, 'c_qps_local': 14165.2, 'vocab': 160787, 's1_nnz': 15615050, 'base_sample': 0, 'recall_C': 0.369, 'recall_union': 0.9402, 'cands_per_query': 11.38, 'rss_mb': 1811}
2026-09-26 12:51:39 INFO [US] {'config': 'L1+L2 name ng34 max_df=0.5%', 'country': 'US', 'kind': 'name', 'ngram': [3, 4], 'max_df': 0.005, 'gated': False, 'pct_gated': 100.0, 'c_fit_s': 46.2, 'c_query_s': 20.8, 'c_qps_local': 1923.5, 'vocab': 162796, 's1_nnz': 24148167, 'base_sample': 0, 'recall_C': 0.7363, 'recall_union': 0.9458, 'cands_per_query': 15.21, 'rss_mb': 1883}
2026-09-26 12:51:54 INFO [US] {'config': 'L1+L2+L3 name ng34 max_df=0.5%', 'country': 'US', 'kind': 'name', 'ngram': [3, 4], 'max_df': 0.005, 'gated': True, 'pct_gated': 59.2, 'c_fit_s': 46.2, 'c_query_s': 15.24, 'c_qps_local': 2624.6, 'vocab': 162796, 's1_nnz': 24148167, 'base_sample': 0, 'recall_C': 0.3844, 'recall_union': 0.9455, 'cands_per_query': 11.45, 'rss_mb': 1879}
2026-09-26 12:53:11 INFO [US] {'config': 'L1+L2 name ng34 max_df=1.0%', 'country': 'US', 'kind': 'name', 'ngram': [3, 4], 'max_df': 0.01, 'gated': False, 'pct_gated': 100.0, 'c_fit_s': 47.2, 'c_query_s': 76.17, 'c_qps_local': 525.1, 'vocab': 163875, 's1_nnz': 33997300, 'base_sample': 0, 'recall_C': 0.755, 'recall_union': 0.9496, 'cands_per_query': 15.25, 'rss_mb': 1961}
2026-09-26 12:53:49 INFO [US] {'config': 'L1+L2+L3 name ng34 max_df=1.0%', 'country': 'US', 'kind': 'name', 'ngram': [3, 4], 'max_df': 0.01, 'gated': True, 'pct_gated': 59.2, 'c_fit_s': 47.2, 'c_query_s': 39.15, 'c_qps_local': 1021.7, 'vocab': 163875, 's1_nnz': 33997300, 'base_sample': 0, 'recall_C': 0.3947, 'recall_union': 0.9492, 'cands_per_query': 11.48, 'rss_mb': 1956}
2026-09-26 12:54:18 INFO [US] {'config': 'L1+L2 name ng44 max_df=0.2%', 'country': 'US', 'kind': 'name', 'ngram': [4, 4], 'max_df': 0.002, 'gated': False, 'pct_gated': 100.0, 'c_fit_s': 25.5, 'c_query_s': 2.9, 'c_qps_local': 13812.4, 'vocab': 138981, 's1_nnz': 11722411, 'base_sample': 0, 'recall_C': 0.7129, 'recall_union': 0.9412, 'cands_per_query': 15.07, 'rss_mb': 1576}
2026-09-26 12:54:19 INFO [US] {'config': 'L1+L2+L3 name ng44 max_df=0.2%', 'country': 'US', 'kind': 'name', 'ngram': [4, 4], 'max_df': 0.002, 'gated': True, 'pct_gated': 59.2, 'c_fit_s': 25.5, 'c_query_s': 1.92, 'c_qps_local': 20841.2, 'vocab': 138981, 's1_nnz': 11722411, 'base_sample': 0, 'recall_C': 0.371, 'recall_union': 0.9408, 'cands_per_query': 11.37, 'rss_mb': 1568}
2026-09-26 12:54:29 INFO [US] {'config': 'L1+L2 name ng44 max_df=0.5%', 'country': 'US', 'kind': 'name', 'ngram': [4, 4], 'max_df': 0.005, 'gated': False, 'pct_gated': 100.0, 'c_fit_s': 25.6, 'c_query_s': 9.73, 'c_qps_local': 4112.2, 'vocab': 140170, 's1_nnz': 16850391, 'base_sample': 0, 'recall_C': 0.7397, 'recall_union': 0.9466, 'cands_per_query': 15.2, 'rss_mb': 1614}
2026-09-26 12:54:35 INFO [US] {'config': 'L1+L2+L3 name ng44 max_df=0.5%', 'country': 'US', 'kind': 'name', 'ngram': [4, 4], 'max_df': 0.005, 'gated': True, 'pct_gated': 59.2, 'c_fit_s': 25.6, 'c_query_s': 6.02, 'c_qps_local': 6643.3, 'vocab': 140170, 's1_nnz': 16850391, 'base_sample': 0, 'recall_C': 0.3865, 'recall_union': 0.9463, 'cands_per_query': 11.45, 'rss_mb': 1608}
2026-09-26 12:55:03 INFO [US] {'config': 'L1+L2 name ng44 max_df=1.0%', 'country': 'US', 'kind': 'name', 'ngram': [4, 4], 'max_df': 0.01, 'gated': False, 'pct_gated': 100.0, 'c_fit_s': 25.7, 'c_query_s': 28.07, 'c_qps_local': 1425.2, 'vocab': 140733, 's1_nnz': 21867978, 'base_sample': 0, 'recall_C': 0.756, 'recall_union': 0.9497, 'cands_per_query': 15.24, 'rss_mb': 1652}
2026-09-26 12:55:19 INFO [US] {'config': 'L1+L2+L3 name ng44 max_df=1.0%', 'country': 'US', 'kind': 'name', 'ngram': [4, 4], 'max_df': 0.01, 'gated': True, 'pct_gated': 59.2, 'c_fit_s': 25.7, 'c_query_s': 17.33, 'c_qps_local': 2307.7, 'vocab': 140733, 's1_nnz': 21867978, 'base_sample': 0, 'recall_C': 0.3951, 'recall_union': 0.9494, 'cands_per_query': 11.48, 'rss_mb': 1648}
2026-09-26 12:55:20 INFO [tune_pass_c_US] ok in 1515.1s | peak rss 4133 MB | end rss 1048 MB
2026-09-26 12:55:24 INFO [tune_pass_c_US] start (rss 640 MB)
2026-09-26 12:55:38 INFO [US] S1 1323633, queries 40000 (val 20000), rss 2492 MB
2026-09-26 12:55:48 INFO [US] pass A: recall 0.7897, 5.78 cands/q, 1.05s; gate: 59.2% of queries in 0.19s
2026-09-26 12:57:14 INFO [US] {'config': 'L2 full ng34 max_df=0.2%', 'country': 'US', 'kind': 'full', 'ngram': [3, 4], 'max_df': 0.002, 'gated': False, 'pct_gated': 100.0, 'c_fit_s': 78.0, 'c_query_s': 7.86, 'c_qps_local': 5088.9, 'vocab': 182622, 's1_nnz': 23522739, 'base_sample': 0, 'recall_C': 0.9378, 'recall_union': 0.9696, 'cands_per_query': 15.0, 'rss_mb': 2452}
2026-09-26 12:57:17 INFO [US] {'config': 'L2+L3 full ng34 max_df=0.2%', 'country': 'US', 'kind': 'full', 'ngram': [3, 4], 'max_df': 0.002, 'gated': True, 'pct_gated': 59.2, 'c_fit_s': 78.0, 'c_query_s': 4.66, 'c_qps_local': 8578.0, 'vocab': 182622, 's1_nnz': 23522739, 'base_sample': 0, 'recall_C': 0.4944, 'recall_union': 0.969, 'cands_per_query': 11.39, 'rss_mb': 2447}
2026-09-26 12:57:46 INFO [US] {'config': 'L2 full ng34 max_df=0.5%', 'country': 'US', 'kind': 'full', 'ngram': [3, 4], 'max_df': 0.005, 'gated': False, 'pct_gated': 100.0, 'c_fit_s': 78.3, 'c_query_s': 30.03, 'c_qps_local': 1332.1, 'vocab': 186343, 's1_nnz': 39126087, 'base_sample': 0, 'recall_C': 0.9684, 'recall_union': 0.9805, 'cands_per_query': 14.99, 'rss_mb': 2574}
2026-09-26 12:58:03 INFO [US] {'config': 'L2+L3 full ng34 max_df=0.5%', 'country': 'US', 'kind': 'full', 'ngram': [3, 4], 'max_df': 0.005, 'gated': True, 'pct_gated': 59.2, 'c_fit_s': 78.3, 'c_query_s': 17.52, 'c_qps_local': 2282.8, 'vocab': 186343, 's1_nnz': 39126087, 'base_sample': 0, 'recall_C': 0.5148, 'recall_union': 0.9799, 'cands_per_query': 11.39, 'rss_mb': 2571}
2026-09-26 13:00:41 INFO [US] {'config': 'L2 full ng34 max_df=1.0%', 'country': 'US', 'kind': 'full', 'ngram': [3, 4], 'max_df': 0.01, 'gated': False, 'pct_gated': 100.0, 'c_fit_s': 78.7, 'c_query_s': 158.93, 'c_qps_local': 251.7, 'vocab': 188048, 's1_nnz': 55060650, 'base_sample': 0, 'recall_C': 0.9787, 'recall_union': 0.986, 'cands_per_query': 15.01, 'rss_mb': 2700}
2026-09-26 13:01:32 INFO [US] {'config': 'L2+L3 full ng34 max_df=1.0%', 'country': 'US', 'kind': 'full', 'ngram': [3, 4], 'max_df': 0.01, 'gated': True, 'pct_gated': 59.2, 'c_fit_s': 78.7, 'c_query_s': 52.09, 'c_qps_local': 768.0, 'vocab': 188048, 's1_nnz': 55060650, 'base_sample': 0, 'recall_C': 0.5228, 'recall_union': 0.9855, 'cands_per_query': 11.39, 'rss_mb': 2696}
2026-09-26 13:02:10 INFO [US] {'config': 'L2 full ng44 max_df=0.2%', 'country': 'US', 'kind': 'full', 'ngram': [4, 4], 'max_df': 0.002, 'gated': False, 'pct_gated': 100.0, 'c_fit_s': 32.5, 'c_query_s': 5.0, 'c_qps_local': 8005.8, 'vocab': 159448, 's1_nnz': 18306476, 'base_sample': 0, 'recall_C': 0.9453, 'recall_union': 0.9721, 'cands_per_query': 14.99, 'rss_mb': 1899}
2026-09-26 13:02:12 INFO [US] {'config': 'L2+L3 full ng44 max_df=0.2%', 'country': 'US', 'kind': 'full', 'ngram': [4, 4], 'max_df': 0.002, 'gated': True, 'pct_gated': 59.2, 'c_fit_s': 32.5, 'c_query_s': 3.26, 'c_qps_local': 12253.0, 'vocab': 159448, 's1_nnz': 18306476, 'base_sample': 0, 'recall_C': 0.4991, 'recall_union': 0.9716, 'cands_per_query': 11.39, 'rss_mb': 1895}
2026-09-26 13:02:31 INFO [US] {'config': 'L2 full ng44 max_df=0.5%', 'country': 'US', 'kind': 'full', 'ngram': [4, 4], 'max_df': 0.005, 'gated': False, 'pct_gated': 100.0, 'c_fit_s': 32.7, 'c_query_s': 18.74, 'c_qps_local': 2134.5, 'vocab': 161808, 's1_nnz': 28143984, 'base_sample': 0, 'recall_C': 0.9718, 'recall_union': 0.9819, 'cands_per_query': 14.99, 'rss_mb': 1976}
2026-09-26 13:02:41 INFO [US] {'config': 'L2+L3 full ng44 max_df=0.5%', 'country': 'US', 'kind': 'full', 'ngram': [4, 4], 'max_df': 0.005, 'gated': True, 'pct_gated': 59.2, 'c_fit_s': 32.7, 'c_query_s': 11.11, 'c_qps_local': 3601.1, 'vocab': 161808, 's1_nnz': 28143984, 'base_sample': 0, 'recall_C': 0.5179, 'recall_union': 0.9813, 'cands_per_query': 11.39, 'rss_mb': 1973}
2026-09-26 13:03:31 INFO [US] {'config': 'L2 full ng44 max_df=1.0%', 'country': 'US', 'kind': 'full', 'ngram': [4, 4], 'max_df': 0.01, 'gated': False, 'pct_gated': 100.0, 'c_fit_s': 32.8, 'c_query_s': 49.89, 'c_qps_local': 801.7, 'vocab': 162758, 's1_nnz': 37010229, 'base_sample': 0, 'recall_C': 0.9793, 'recall_union': 0.9862, 'cands_per_query': 15.01, 'rss_mb': 2046}
2026-09-26 13:04:00 INFO [US] {'config': 'L2+L3 full ng44 max_df=1.0%', 'country': 'US', 'kind': 'full', 'ngram': [4, 4], 'max_df': 0.01, 'gated': True, 'pct_gated': 59.2, 'c_fit_s': 32.8, 'c_query_s': 29.3, 'c_qps_local': 1365.3, 'vocab': 162758, 's1_nnz': 37010229, 'base_sample': 0, 'recall_C': 0.5237, 'recall_union': 0.9857, 'cands_per_query': 11.39, 'rss_mb': 2043}
2026-09-26 13:04:00 INFO [tune_pass_c_US] ok in 515.9s | peak rss 4032 MB | end rss 1072 MB
2026-09-26 13:04:11 INFO [tune_pass_c_US] start (rss 651 MB)
2026-09-26 13:04:21 INFO [US] S1 1323633, queries 40000 (val 20000), rss 2810 MB
2026-09-26 13:04:27 INFO [US] pass A: recall 0.7897, 5.78 cands/q, 0.64s; gate: 59.2% of queries in 0.14s
2026-09-26 13:06:39 INFO [US] {'config': 'L2 full ng44 max_df=2.0%', 'country': 'US', 'kind': 'full', 'ngram': [4, 4], 'max_df': 0.02, 'gated': False, 'pct_gated': 100.0, 'c_fit_s': 31.3, 'c_query_s': 100.37, 'c_qps_local': 398.5, 'vocab': 163115, 's1_nnz': 43535335, 'base_sample': 0, 'recall_C': 0.982, 'recall_union': 0.9877, 'cands_per_query': 15.02, 'rss_mb': 2113}
2026-09-26 13:17:13 INFO [US] {'config': 'L2+L3 full ng44 max_df=2.0%', 'country': 'US', 'kind': 'full', 'ngram': [4, 4], 'max_df': 0.02, 'gated': True, 'pct_gated': 59.2, 'c_fit_s': 31.3, 'c_query_s': 634.03, 'c_qps_local': 63.1, 'vocab': 163115, 's1_nnz': 43535335, 'base_sample': 0, 'recall_C': 0.5261, 'recall_union': 0.9871, 'cands_per_query': 11.39, 'rss_mb': 2110}
2026-09-26 13:19:24 INFO [US] {'config': 'L2 full ng44 max_df=3.0%', 'country': 'US', 'kind': 'full', 'ngram': [4, 4], 'max_df': 0.03, 'gated': False, 'pct_gated': 100.0, 'c_fit_s': 31.4, 'c_query_s': 131.17, 'c_qps_local': 304.9, 'vocab': 163217, 's1_nnz': 46757069, 'base_sample': 0, 'recall_C': 0.9832, 'recall_union': 0.9881, 'cands_per_query': 15.02, 'rss_mb': 2138}
2026-09-26 13:20:38 INFO [US] {'config': 'L2+L3 full ng44 max_df=3.0%', 'country': 'US', 'kind': 'full', 'ngram': [4, 4], 'max_df': 0.03, 'gated': True, 'pct_gated': 59.2, 'c_fit_s': 31.4, 'c_query_s': 75.2, 'c_qps_local': 531.9, 'vocab': 163217, 's1_nnz': 46757069, 'base_sample': 0, 'recall_C': 0.5272, 'recall_union': 0.9876, 'cands_per_query': 11.39, 'rss_mb': 2135}
2026-09-26 13:20:39 INFO [tune_pass_c_US] ok in 987.8s | peak rss 3584 MB | end rss 1092 MB
