2026-09-26 21:43:07 INFO [model_lgb_train] start (rss 155 MB)
2026-09-26 21:43:24 INFO bench v3 pairs 1430950 x 85 from 2 files; S1 53709
2026-09-26 21:43:24 INFO [model_te] start (rss 751 MB)
2026-09-26 21:43:25 INFO TE xq: 56342 words (prior 0.795); most decoy-like: [['group', 5353, 0.999], ['holdings', 4010, 0.999], ['care', 1759, 0.998], ['industries', 1138, 0.996], ['east', 965, 0.996], ['enterprises', 940, 0.996], ['west', 934, 0.996], ['associates', 908, 0.996], ['ventures', 899, 0.996], ['metro', 891, 0.995], ['north', 889, 0.995], ['infratech', 873, 0.995], ['exports', 854, 0.995], ['south', 766, 0.995], ['valley', 741, 0.995]]
2026-09-26 21:43:26 INFO TE xs: 12840 words (prior 0.715); most decoy-like: [['hs', 262, 0.976], ['om', 492, 0.969], ['raj', 371, 0.952], ['youth', 356, 0.94], ['al', 227, 0.936], ['8', 254, 0.932], ['ram', 243, 0.929], ['eye', 399, 0.922], ['west', 578, 0.922], ['n', 204, 0.921], ['chennai', 768, 0.912], ['cargo', 436, 0.906], ['r', 259, 0.904], ['a', 509, 0.891], ['royal', 728, 0.881]]
2026-09-26 21:43:26 INFO [model_te] ok in 1.8s | peak rss 859 MB | end rss 698 MB
2026-09-26 21:43:27 INFO [model_stage1] start (rss 1159 MB)
2026-09-26 21:43:57 INFO [stage1] fold 1: {'fold': 1, 'best_iteration': 494, 'train_rows': 926484, 'valid_logloss': 0.01585}
2026-09-26 21:44:09 INFO [stage1] fold 2: {'fold': 2, 'best_iteration': 270, 'train_rows': 437973, 'valid_logloss': 0.01687}
2026-09-26 21:44:33 INFO [stage1] fold 3: {'fold': 3, 'best_iteration': 419, 'train_rows': 924414, 'valid_logloss': 0.02267}
2026-09-26 21:44:56 INFO [stage1] fold 4: {'fold': 4, 'best_iteration': 325, 'train_rows': 1058937, 'valid_logloss': 0.01602}
2026-09-26 21:45:01 INFO [model_stage1] ok in 93.8s | peak rss 1897 MB | end rss 1198 MB
2026-09-26 21:45:04 INFO [model_stage2] start (rss 1388 MB)
2026-09-26 21:45:14 INFO [stage2] fold 1: {'fold': 1, 'best_iteration': 169, 'train_rows': 926484, 'valid_logloss': 0.01578}
2026-09-26 21:45:20 INFO [stage2] fold 2: {'fold': 2, 'best_iteration': 149, 'train_rows': 437973, 'valid_logloss': 0.01726}
2026-09-26 21:45:29 INFO [stage2] fold 3: {'fold': 3, 'best_iteration': 140, 'train_rows': 924414, 'valid_logloss': 0.02338}
2026-09-26 21:45:42 INFO [stage2] fold 4: {'fold': 4, 'best_iteration': 190, 'train_rows': 1058937, 'valid_logloss': 0.01615}
2026-09-26 21:45:43 INFO [model_stage2] ok in 39.6s | peak rss 2190 MB | end rss 1400 MB
2026-09-26 21:45:46 INFO [model_hasmatch] start (rss 1751 MB)
2026-09-26 21:45:47 INFO [hasmatch] fold 1: {'fold': 1, 'best_iteration': 125, 'train_rows': 34003, 'valid_logloss': 0.02211}
2026-09-26 21:45:47 INFO [hasmatch] fold 2: {'fold': 2, 'best_iteration': 87, 'train_rows': 18455, 'valid_logloss': 0.03452}
2026-09-26 21:45:47 INFO [hasmatch] fold 3: {'fold': 3, 'best_iteration': 100, 'train_rows': 32415, 'valid_logloss': 0.04329}
2026-09-26 21:45:47 INFO [hasmatch] fold 4: {'fold': 4, 'best_iteration': 100, 'train_rows': 38676, 'valid_logloss': 0.02473}
2026-09-26 21:45:47 INFO [model_hasmatch] ok in 0.5s | peak rss 1754 MB | end rss 1737 MB
2026-09-26 21:46:32 INFO OOF folds 1-4: {'stage1+threshold': 0.96128, 'stage2+threshold': 0.96067, 'stage1+decoder': 0.9613, 'stage2+decoder': 0.96214, 'stage2+decoder+hasmatch': 0.9621} -> chosen stage2+decoder
2026-09-26 21:46:33 INFO 
# Model v3 - fold 0 (gate)

| model | scope | F0.5 | precision | recall | pred/S1 | % empty | singleton F0.5 |
|---|---|---|---|---|---|---|---|
| baseline | all | 0.6238 | 0.595 | 0.926 | 5.93 | 0.10 | 0.010 |
| baseline | India | 0.5690 | 0.542 | 0.901 | 6.96 | 0.17 | 0.020 |
| baseline | US | 0.6652 | 0.635 | 0.945 | 5.16 | 0.04 | 0.002 |
| v2 | all | 0.7664 | 0.808 | 0.824 | 3.87 | 5.96 | 0.573 |
| v2 | India | 0.6405 | 0.702 | 0.732 | 4.19 | 6.21 | 0.350 |
| v2 | US | 0.8615 | 0.889 | 0.893 | 3.64 | 5.76 | 0.727 |
| stage1+threshold | all | 0.9560 | 0.984 | 0.924 | 3.22 | 6.56 | 0.932 |
| stage1+threshold | India | 0.9374 | 0.980 | 0.890 | 3.12 | 6.67 | 0.910 |
| stage1+threshold | US | 0.9701 | 0.988 | 0.950 | 3.29 | 6.48 | 0.947 |
| stage2+threshold | all | 0.9577 | 0.984 | 0.931 | 3.25 | 6.72 | 0.950 |
| stage2+threshold | India | 0.9389 | 0.979 | 0.897 | 3.15 | 6.97 | 0.933 |
| stage2+threshold | US | 0.9719 | 0.987 | 0.957 | 3.32 | 6.53 | 0.961 |
| stage1+decoder | all | 0.9567 | 0.982 | 0.926 | 3.22 | 5.96 | 0.891 |
| stage1+decoder | India | 0.9394 | 0.977 | 0.893 | 3.13 | 5.95 | 0.870 |
| stage1+decoder | US | 0.9698 | 0.985 | 0.951 | 3.29 | 5.96 | 0.906 |
| stage2+decoder | all | 0.9593 | 0.987 | 0.920 | 3.18 | 6.25 | 0.924 |
| stage2+decoder | India | 0.9414 | 0.983 | 0.886 | 3.08 | 6.38 | 0.907 |
| stage2+decoder | US | 0.9728 | 0.990 | 0.946 | 3.25 | 6.16 | 0.936 |
| stage2+decoder+hasmatch | all | 0.9595 | 0.988 | 0.920 | 3.17 | 6.46 | 0.942 |
| stage2+decoder+hasmatch | India | 0.9411 | 0.984 | 0.885 | 3.07 | 6.60 | 0.923 |
| stage2+decoder+hasmatch | US | 0.9733 | 0.991 | 0.946 | 3.25 | 6.35 | 0.954 |

OOF folds 1-4 (tuning): {'stage1+threshold': 0.96128, 'stage2+threshold': 0.96067, 'stage1+decoder': 0.9613, 'stage2+decoder': 0.96214, 'stage2+decoder+hasmatch': 0.9621}; chosen: **stage2+decoder**

## Error budget (points of F0.5 lost, fold 0)

| model | scope | singleton non-empty | FP decoy | FP other | FN blocking | FN scoring | total |
|---|---|---|---|---|---|---|---|
| v2 | all | 0.0251 | 0.0386 | 0.0799 | 0.0172 | 0.0729 | 0.2336 |
| v2 | India | 0.0362 | 0.0731 | 0.1018 | 0.0324 | 0.1160 | 0.3595 |
| v2 | US | 0.0167 | 0.0125 | 0.0633 | 0.0058 | 0.0402 | 0.1385 |
| stage2+decoder | all | 0.0045 | 0.0046 | 0.0021 | 0.0144 | 0.0150 | 0.0407 |
| stage2+decoder | India | 0.0052 | 0.0068 | 0.0022 | 0.0264 | 0.0181 | 0.0586 |
| stage2+decoder | US | 0.0039 | 0.0030 | 0.0021 | 0.0054 | 0.0128 | 0.0272 |

## Top-25 features (gain %)

| stage 1 | stage 2 |
|---|---|
| s1_rank 41.73 | p1_q_margin 45.11 |
| q_rank 12.77 | p1 44.67 |
| cheap 9.43 | p1_minus_s1max 7.09 |
| b_num_match 8.39 | p1_s1_sum 0.64 |
| v2_score 5.7 | p1_s1_cnt05 0.48 |
| st_jaccard 2.78 | p1_s1_max 0.31 |
| tw_v2_diff 2.75 | p1_s1_other_max 0.13 |
| te_q_max 2.53 | p1_s1_second 0.07 |
| q_gap_to_best 1.7 | s1_claims 0.07 |
| q_v2_margin 1.07 | q_margin 0.06 |
| b_addr_sim 0.8 | te_q_mean 0.06 |
| q_margin 0.75 | cheap 0.05 |
| te_q_sum 0.68 | p1_s1_rank 0.04 |
| num_logdiff 0.67 | tw_v2_diff 0.04 |
| tw_num_better 0.6 | scoreC 0.04 |
| addr_tset 0.6 | g_rank_addr 0.04 |
| st_conflict 0.51 | te_q_max 0.04 |
| num_agree_major 0.43 | g_other_max_v2 0.04 |
| name_jw 0.41 | g_size 0.04 |
| tw_addr_max 0.4 | tw_combo_max 0.04 |
| te_q_mean 0.32 | tw_addr_max 0.04 |
| b_name_sim 0.3 | g_gap_v2 0.04 |
| tw_combo_max 0.29 | num_logdiff 0.03 |
| s1_claims 0.28 | te_s_mean 0.03 |
| g_rank_addr 0.28 | p1_q_other_max 0.03 |

Has-match importance: [['hm_max', 63.05], ['hm_all_max', 21.25], ['hm_sum', 5.89], ['hm_cnt05', 4.11], ['hm_second', 0.98], ['s1_name_freq', 0.92], ['hm_best_twin', 0.72], ['hm_best_addr', 0.56], ['hm_best_v2', 0.45], ['hm_all_sum', 0.45], ['hm_best_name', 0.42], ['hm_n_pairs', 0.36], ['hm_claimants', 0.36], ['hm_cnt', 0.21], ['hm_noextra', 0.15], ['hm_noconf', 0.11], ['s1_addr_missing', 0.0]]

Tuned: {"stage1_threshold": {"oof_f05": 0.96128, "t_accept": 0.7, "t_keep": 0.7}, "stage2_threshold": {"oof_f05": 0.96067, "t_accept": 0.65, "t_keep": 0.65}, "stage1_decoder": {"oof_f05": 0.9613, "temperature": 0.85, "miss": 0.0}, "stage2_decoder": {"oof_f05": 0.96214, "temperature": 1.2, "miss": 0.015}, "stage2_decoder_hasmatch": {"oof_f05": 0.9621, "temperature": 1.2, "miss": 0.015}}


2026-09-26 21:46:33 INFO [model_lgb_train] ok in 205.8s | peak rss 8236 MB | end rss 1722 MB
2026-09-27 17:19:56 INFO [model_lgb_assemble] start (rss 155 MB)
2026-09-27 17:19:59 INFO assemble: 3 parts from ..\..\kaggle\runs\k14-parts (['France.parquet', 'India.parquet', 'US.parquet']): 1732544 S1 rows
2026-09-27 17:23:54 INFO validator (rc 0):
ML Challenge 2026 — submission validator
  test dir: C:\Users\Arya Ambekar\Downloads\Amazon Ml Challenge Competition\student_resource\dataset\test
  required S1 entities: 1732544
  valid S2/S3 match IDs: 9969589
  matching_results.tsv: 1732544 rows (99703 empty, 1632841 non-empty).
  candidate_pairs.tsv: 1732544 rows (183 empty, 1732361 non-empty).

PASS — no blocking issues found. Safe to submit.

2026-09-27 17:23:54 INFO assembled C:\Users\Arya Ambekar\Downloads\Amazon Ml Challenge Competition\output\final_v4safe: {"parts": ["France.parquet", "India.parquet", "US.parquet"], "rows_candidate": 1732544, "rows_matching": 1732544, "validator": ["  candidate_pairs.tsv: 1732544 rows (183 empty, 1732361 non-empty).", "", "PASS \u2014 no blocking issues found. Safe to submit."]}
2026-09-27 17:24:08 INFO [model_lgb_assemble] ok in 251.5s | peak rss 5838 MB | end rss 25 MB
2026-09-27 17:37:25 INFO [model_lgb_assemble] start (rss 155 MB)
2026-09-27 17:37:27 INFO assemble: 3 parts from ..\..\kaggle\runs\k15-full\output\submit_parts_v4full (['France.parquet', 'India.parquet', 'US.parquet']): 1732544 S1 rows
2026-09-27 17:43:46 INFO validator (rc 0):
ML Challenge 2026 — submission validator
  test dir: C:\Users\Arya Ambekar\Downloads\Amazon Ml Challenge Competition\student_resource\dataset\test
  required S1 entities: 1732544
  valid S2/S3 match IDs: 9969589
  matching_results.tsv: 1732544 rows (99777 empty, 1632767 non-empty).
  candidate_pairs.tsv: 1732544 rows (183 empty, 1732361 non-empty).

PASS — no blocking issues found. Safe to submit.

2026-09-27 17:43:46 INFO assembled C:\Users\Arya Ambekar\Downloads\Amazon Ml Challenge Competition\output\final: {"parts": ["France.parquet", "India.parquet", "US.parquet"], "rows_candidate": 1732544, "rows_matching": 1732544, "validator": ["  candidate_pairs.tsv: 1732544 rows (183 empty, 1732361 non-empty).", "", "PASS \u2014 no blocking issues found. Safe to submit."]}
2026-09-27 17:44:03 INFO [model_lgb_assemble] ok in 398.2s | peak rss 6001 MB | end rss 27 MB
