2026-09-26 12:08:42 INFO [tune_pass_c_India] start (rss 622 MB)
2026-09-26 12:08:51 INFO [India] S1 883188, queries 40000 (val 20000), rss 2490 MB
2026-09-26 12:08:58 INFO [India] pass A: recall 0.7018, 8.24 cands/q, 0.86s; gate: 58.7% of queries in 0.14s
2026-09-26 12:29:14 INFO [India] {'config': 'base full ng34', 'country': 'India', 'kind': 'full', 'ngram': [3, 4], 'max_df': None, 'gated': False, 'pct_gated': 100.0, 'c_fit_s': 59.7, 'c_query_s': 1155.81, 'c_qps_local': 34.6, 'vocab': 198551, 's1_nnz': 123442326, 'recall_C': 0.9637, 'recall_union': 0.9663, 'cands_per_query': 17.15, 'rss_mb': 3136}
2026-09-26 12:30:56 INFO [India] {'config': 'L1 name ng34', 'country': 'India', 'kind': 'name', 'ngram': [3, 4], 'max_df': None, 'gated': False, 'pct_gated': 100.0, 'c_fit_s': 18.1, 'c_query_s': 83.29, 'c_qps_local': 480.3, 'vocab': 126771, 's1_nnz': 28349182, 'recall_C': 0.6098, 'recall_union': 0.8726, 'cands_per_query': 17.84, 'rss_mb': 1626}
2026-09-26 12:30:57 INFO [India] {'config': 'L1+L2 name ng34 max_df=0.2%', 'country': 'India', 'kind': 'name', 'ngram': [3, 4], 'max_df': 0.002, 'gated': False, 'pct_gated': 100.0, 'c_fit_s': 18.0, 'c_query_s': 2.02, 'c_qps_local': 19765.0, 'vocab': 124376, 's1_nnz': 7505432, 'recall_C': 0.573, 'recall_union': 0.8615, 'cands_per_query': 17.77, 'rss_mb': 1462}
2026-09-26 12:30:58 INFO [India] {'config': 'L1+L2+L3 name ng34 max_df=0.2%', 'country': 'India', 'kind': 'name', 'ngram': [3, 4], 'max_df': 0.002, 'gated': True, 'pct_gated': 58.7, 'c_fit_s': 18.0, 'c_query_s': 1.3, 'c_qps_local': 30710.1, 'vocab': 124376, 's1_nnz': 7505432, 'recall_C': 0.2907, 'recall_union': 0.8561, 'cands_per_query': 13.94, 'rss_mb': 1456}
2026-09-26 12:31:02 INFO [India] {'config': 'L1+L2 name ng34 max_df=0.5%', 'country': 'India', 'kind': 'name', 'ngram': [3, 4], 'max_df': 0.005, 'gated': False, 'pct_gated': 100.0, 'c_fit_s': 18.0, 'c_query_s': 4.31, 'c_qps_local': 9289.2, 'vocab': 125423, 's1_nnz': 10633167, 'recall_C': 0.5828, 'recall_union': 0.8639, 'cands_per_query': 17.81, 'rss_mb': 1487}
2026-09-26 12:31:04 INFO [India] {'config': 'L1+L2+L3 name ng34 max_df=0.5%', 'country': 'India', 'kind': 'name', 'ngram': [3, 4], 'max_df': 0.005, 'gated': True, 'pct_gated': 58.7, 'c_fit_s': 18.0, 'c_query_s': 2.57, 'c_qps_local': 15534.8, 'vocab': 125423, 's1_nnz': 10633167, 'recall_C': 0.2956, 'recall_union': 0.8583, 'cands_per_query': 13.96, 'rss_mb': 1483}
2026-09-26 12:31:13 INFO [India] {'config': 'L1+L2 name ng34 max_df=1.0%', 'country': 'India', 'kind': 'name', 'ngram': [3, 4], 'max_df': 0.01, 'gated': False, 'pct_gated': 100.0, 'c_fit_s': 18.1, 'c_query_s': 10.08, 'c_qps_local': 3967.1, 'vocab': 126023, 's1_nnz': 14224679, 'recall_C': 0.5924, 'recall_union': 0.8669, 'cands_per_query': 17.84, 'rss_mb': 1514}
2026-09-26 12:31:19 INFO [India] {'config': 'L1+L2+L3 name ng34 max_df=1.0%', 'country': 'India', 'kind': 'name', 'ngram': [3, 4], 'max_df': 0.01, 'gated': True, 'pct_gated': 58.7, 'c_fit_s': 18.1, 'c_query_s': 6.25, 'c_qps_local': 6402.8, 'vocab': 126023, 's1_nnz': 14224679, 'recall_C': 0.3013, 'recall_union': 0.8613, 'cands_per_query': 13.98, 'rss_mb': 1510}
2026-09-26 12:31:31 INFO [India] {'config': 'L1+L2 name ng44 max_df=0.2%', 'country': 'India', 'kind': 'name', 'ngram': [4, 4], 'max_df': 0.002, 'gated': False, 'pct_gated': 100.0, 'c_fit_s': 10.7, 'c_query_s': 1.16, 'c_qps_local': 34510.7, 'vocab': 107868, 's1_nnz': 5266720, 'recall_C': 0.5775, 'recall_union': 0.8623, 'cands_per_query': 17.76, 'rss_mb': 1328}
2026-09-26 12:31:32 INFO [India] {'config': 'L1+L2+L3 name ng44 max_df=0.2%', 'country': 'India', 'kind': 'name', 'ngram': [4, 4], 'max_df': 0.002, 'gated': True, 'pct_gated': 58.7, 'c_fit_s': 10.7, 'c_query_s': 0.78, 'c_qps_local': 50974.5, 'vocab': 107868, 's1_nnz': 5266720, 'recall_C': 0.2925, 'recall_union': 0.8569, 'cands_per_query': 13.93, 'rss_mb': 1324}
2026-09-26 12:31:34 INFO [India] {'config': 'L1+L2 name ng44 max_df=0.5%', 'country': 'India', 'kind': 'name', 'ngram': [4, 4], 'max_df': 0.005, 'gated': False, 'pct_gated': 100.0, 'c_fit_s': 10.8, 'c_query_s': 2.09, 'c_qps_local': 19144.3, 'vocab': 108399, 's1_nnz': 6915550, 'recall_C': 0.5855, 'recall_union': 0.8644, 'cands_per_query': 17.8, 'rss_mb': 1341}
2026-09-26 12:31:35 INFO [India] {'config': 'L1+L2+L3 name ng44 max_df=0.5%', 'country': 'India', 'kind': 'name', 'ngram': [4, 4], 'max_df': 0.005, 'gated': True, 'pct_gated': 58.7, 'c_fit_s': 10.8, 'c_query_s': 1.37, 'c_qps_local': 29100.8, 'vocab': 108399, 's1_nnz': 6915550, 'recall_C': 0.2967, 'recall_union': 0.8589, 'cands_per_query': 13.96, 'rss_mb': 1337}
2026-09-26 12:31:39 INFO [India] {'config': 'L1+L2 name ng44 max_df=1.0%', 'country': 'India', 'kind': 'name', 'ngram': [4, 4], 'max_df': 0.01, 'gated': False, 'pct_gated': 100.0, 'c_fit_s': 10.8, 'c_query_s': 4.19, 'c_qps_local': 9540.9, 'vocab': 108687, 's1_nnz': 8607454, 'recall_C': 0.5919, 'recall_union': 0.8661, 'cands_per_query': 17.83, 'rss_mb': 1357}
2026-09-26 12:31:41 INFO [India] {'config': 'L1+L2+L3 name ng44 max_df=1.0%', 'country': 'India', 'kind': 'name', 'ngram': [4, 4], 'max_df': 0.01, 'gated': True, 'pct_gated': 58.7, 'c_fit_s': 10.8, 'c_query_s': 2.5, 'c_qps_local': 16008.5, 'vocab': 108687, 's1_nnz': 8607454, 'recall_C': 0.3004, 'recall_union': 0.8605, 'cands_per_query': 13.98, 'rss_mb': 1351}
2026-09-26 12:31:41 INFO [tune_pass_c_India] ok in 1379.1s | peak rss 4062 MB | end rss 998 MB
2026-09-26 12:31:45 INFO [tune_pass_c_India] start (rss 642 MB)
2026-09-26 12:31:55 INFO [India] S1 883188, queries 40000 (val 20000), rss 2257 MB
2026-09-26 12:32:04 INFO [India] pass A: recall 0.7018, 8.24 cands/q, 1.57s; gate: 58.7% of queries in 0.21s
2026-09-26 12:39:17 INFO [India] {'config': 'L2 full ng34 max_df=0.2%', 'country': 'India', 'kind': 'full', 'ngram': [3, 4], 'max_df': 0.002, 'gated': False, 'pct_gated': 100.0, 'c_fit_s': 422.1, 'c_query_s': 9.33, 'c_qps_local': 4288.5, 'vocab': 190967, 's1_nnz': 15093148, 'base_sample': 0, 'recall_C': 0.8633, 'recall_union': 0.9047, 'cands_per_query': 17.33, 'rss_mb': 2336}
2026-09-26 12:39:20 INFO [India] {'config': 'L2+L3 full ng34 max_df=0.2%', 'country': 'India', 'kind': 'full', 'ngram': [3, 4], 'max_df': 0.002, 'gated': True, 'pct_gated': 58.7, 'c_fit_s': 422.1, 'c_query_s': 5.86, 'c_qps_local': 6829.5, 'vocab': 190967, 's1_nnz': 15093148, 'base_sample': 0, 'recall_C': 0.4454, 'recall_union': 0.899, 'cands_per_query': 13.82, 'rss_mb': 2330}
2026-09-26 12:39:47 INFO [India] {'config': 'L2 full ng34 max_df=0.5%', 'country': 'India', 'kind': 'full', 'ngram': [3, 4], 'max_df': 0.005, 'gated': False, 'pct_gated': 100.0, 'c_fit_s': 422.5, 'c_query_s': 29.42, 'c_qps_local': 1359.5, 'vocab': 194394, 's1_nnz': 24523912, 'base_sample': 0, 'recall_C': 0.91, 'recall_union': 0.9263, 'cands_per_query': 17.21, 'rss_mb': 2410}
2026-09-26 12:40:02 INFO [India] {'config': 'L2+L3 full ng34 max_df=0.5%', 'country': 'India', 'kind': 'full', 'ngram': [3, 4], 'max_df': 0.005, 'gated': True, 'pct_gated': 58.7, 'c_fit_s': 422.5, 'c_query_s': 17.86, 'c_qps_local': 2239.6, 'vocab': 194394, 's1_nnz': 24523912, 'base_sample': 0, 'recall_C': 0.477, 'recall_union': 0.9195, 'cands_per_query': 13.79, 'rss_mb': 2406}
2026-09-26 12:40:57 INFO [India] {'config': 'L2 full ng34 max_df=1.0%', 'country': 'India', 'kind': 'full', 'ngram': [3, 4], 'max_df': 0.01, 'gated': False, 'pct_gated': 100.0, 'c_fit_s': 422.9, 'c_query_s': 56.89, 'c_qps_local': 703.1, 'vocab': 196016, 's1_nnz': 34591423, 'base_sample': 0, 'recall_C': 0.9277, 'recall_union': 0.9372, 'cands_per_query': 17.19, 'rss_mb': 2489}
2026-09-26 12:41:18 INFO [India] {'config': 'L2+L3 full ng34 max_df=1.0%', 'country': 'India', 'kind': 'full', 'ngram': [3, 4], 'max_df': 0.01, 'gated': True, 'pct_gated': 58.7, 'c_fit_s': 422.9, 'c_query_s': 23.53, 'c_qps_local': 1700.3, 'vocab': 196016, 's1_nnz': 34591423, 'base_sample': 0, 'recall_C': 0.4904, 'recall_union': 0.9298, 'cands_per_query': 13.78, 'rss_mb': 2486}
2026-09-26 12:42:07 INFO [India] {'config': 'L2 full ng44 max_df=0.2%', 'country': 'India', 'kind': 'full', 'ngram': [4, 4], 'max_df': 0.002, 'gated': False, 'pct_gated': 100.0, 'c_fit_s': 43.6, 'c_query_s': 4.81, 'c_qps_local': 8318.8, 'vocab': 165809, 's1_nnz': 11595809, 'base_sample': 0, 'recall_C': 0.8788, 'recall_union': 0.9114, 'cands_per_query': 17.29, 'rss_mb': 1790}
2026-09-26 12:42:08 INFO [India] {'config': 'L2+L3 full ng44 max_df=0.2%', 'country': 'India', 'kind': 'full', 'ngram': [4, 4], 'max_df': 0.002, 'gated': True, 'pct_gated': 58.7, 'c_fit_s': 43.6, 'c_query_s': 3.04, 'c_qps_local': 13176.0, 'vocab': 165809, 's1_nnz': 11595809, 'base_sample': 0, 'recall_C': 0.4561, 'recall_union': 0.9056, 'cands_per_query': 13.81, 'rss_mb': 1784}
2026-09-26 12:42:22 INFO [India] {'config': 'L2 full ng44 max_df=0.5%', 'country': 'India', 'kind': 'full', 'ngram': [4, 4], 'max_df': 0.005, 'gated': False, 'pct_gated': 100.0, 'c_fit_s': 43.8, 'c_query_s': 14.56, 'c_qps_local': 2746.6, 'vocab': 168011, 's1_nnz': 17575734, 'base_sample': 0, 'recall_C': 0.9174, 'recall_union': 0.9303, 'cands_per_query': 17.2, 'rss_mb': 1836}
2026-09-26 12:42:29 INFO [India] {'config': 'L2+L3 full ng44 max_df=0.5%', 'country': 'India', 'kind': 'full', 'ngram': [4, 4], 'max_df': 0.005, 'gated': True, 'pct_gated': 58.7, 'c_fit_s': 43.8, 'c_query_s': 8.55, 'c_qps_local': 4678.0, 'vocab': 168011, 's1_nnz': 17575734, 'base_sample': 0, 'recall_C': 0.4828, 'recall_union': 0.9232, 'cands_per_query': 13.79, 'rss_mb': 1830}
2026-09-26 12:43:12 INFO [India] {'config': 'L2 full ng44 max_df=1.0%', 'country': 'India', 'kind': 'full', 'ngram': [4, 4], 'max_df': 0.01, 'gated': False, 'pct_gated': 100.0, 'c_fit_s': 44.0, 'c_query_s': 43.94, 'c_qps_local': 910.3, 'vocab': 168966, 's1_nnz': 23408644, 'base_sample': 0, 'recall_C': 0.9303, 'recall_union': 0.9386, 'cands_per_query': 17.19, 'rss_mb': 1881}
2026-09-26 12:43:36 INFO [India] {'config': 'L2+L3 full ng44 max_df=1.0%', 'country': 'India', 'kind': 'full', 'ngram': [4, 4], 'max_df': 0.01, 'gated': True, 'pct_gated': 58.7, 'c_fit_s': 44.0, 'c_query_s': 25.19, 'c_qps_local': 1587.7, 'vocab': 168966, 's1_nnz': 23408644, 'base_sample': 0, 'recall_C': 0.493, 'recall_union': 0.9312, 'cands_per_query': 13.78, 'rss_mb': 1878}
2026-09-26 12:43:37 INFO [tune_pass_c_India] ok in 711.4s | peak rss 3916 MB | end rss 1052 MB
2026-09-26 12:44:44 INFO [tune_pass_c_India] start (rss 641 MB)
2026-09-26 12:44:57 INFO [India] S1 883188, queries 40000 (val 20000), rss 2261 MB
2026-09-26 12:45:08 INFO [India] pass A: recall 0.7018, 8.24 cands/q, 1.50s; gate: 58.7% of queries in 0.22s
2026-09-26 12:53:13 INFO [India] {'config': 'L2 full ng44 max_df=2.0%', 'country': 'India', 'kind': 'full', 'ngram': [4, 4], 'max_df': 0.02, 'gated': False, 'pct_gated': 100.0, 'c_fit_s': 347.3, 'c_query_s': 136.44, 'c_qps_local': 293.2, 'vocab': 169616, 's1_nnz': 31413579, 'base_sample': 0, 'recall_C': 0.9427, 'recall_union': 0.9481, 'cands_per_query': 17.2, 'rss_mb': 1918}
2026-09-26 12:54:02 INFO [India] {'config': 'L2+L3 full ng44 max_df=2.0%', 'country': 'India', 'kind': 'full', 'ngram': [4, 4], 'max_df': 0.02, 'gated': True, 'pct_gated': 58.7, 'c_fit_s': 347.3, 'c_query_s': 50.86, 'c_qps_local': 786.5, 'vocab': 169616, 's1_nnz': 31413579, 'base_sample': 0, 'recall_C': 0.5033, 'recall_union': 0.9402, 'cands_per_query': 13.78, 'rss_mb': 1913}
2026-09-26 12:55:58 INFO [India] {'config': 'L2 full ng44 max_df=3.0%', 'country': 'India', 'kind': 'full', 'ngram': [4, 4], 'max_df': 0.03, 'gated': False, 'pct_gated': 100.0, 'c_fit_s': 346.6, 'c_query_s': 117.48, 'c_qps_local': 340.5, 'vocab': 169812, 's1_nnz': 35688218, 'base_sample': 0, 'recall_C': 0.9474, 'recall_union': 0.9516, 'cands_per_query': 17.2, 'rss_mb': 1951}
2026-09-26 12:56:38 INFO [India] {'config': 'L2+L3 full ng44 max_df=3.0%', 'country': 'India', 'kind': 'full', 'ngram': [4, 4], 'max_df': 0.03, 'gated': True, 'pct_gated': 58.7, 'c_fit_s': 346.6, 'c_query_s': 42.32, 'c_qps_local': 945.1, 'vocab': 169812, 's1_nnz': 35688218, 'base_sample': 0, 'recall_C': 0.5072, 'recall_union': 0.9436, 'cands_per_query': 13.78, 'rss_mb': 1947}
2026-09-26 12:56:38 INFO [tune_pass_c_India] ok in 714.7s | peak rss 3072 MB | end rss 1030 MB
